Nothing to build in platform 'kypd_design_wrapper'

21:03:47 **** Incremental Build of configuration Debug for project kypd_demo ****
make all 
make --no-print-directory pre-build
a9-linaro-pre-build-step
 
make --no-print-directory main-build
Building file: ../src/main.c
Invoking: ARM v7 gcc compiler
arm-none-eabi-gcc -Wall -O0 -g3 -c -fmessage-length=0 -MT"src/main.o" -mcpu=cortex-a9 -mfpu=vfpv3 -mfloat-abi=hard -I/home/user/lab-3-5/vivado_workspace/kypd_design_wrapper/export/kypd_design_wrapper/sw/kypd_design_wrapper/standalone_ps7_cortexa9_0/bspinclude/include -MMD -MP -MF"src/main.d" -MT"src/main.o" -o "src/main.o" "../src/main.c"
Finished building: ../src/main.c
 
Building target: kypd_demo.elf
Invoking: ARM v7 gcc linker
arm-none-eabi-gcc -mcpu=cortex-a9 -mfpu=vfpv3 -mfloat-abi=hard -Wl,-build-id=none -specs=Xilinx.spec -Wl,-T -Wl,../src/lscript.ld -L/home/user/lab-3-5/vivado_workspace/kypd_design_wrapper/export/kypd_design_wrapper/sw/kypd_design_wrapper/standalone_ps7_cortexa9_0/bsplib/lib -o "kypd_demo.elf"  ./src/main.o   -Wl,--start-group,-lxil,-lgcc,-lc,--end-group
Finished building target: kypd_demo.elf
 
Invoking: ARM v7 Print Size
arm-none-eabi-size kypd_demo.elf  |tee "kypd_demo.elf.size"
   text	   data	    bss	    dec	    hex	filename
  23193	   1144	  22600	  46937	   b759	kypd_demo.elf
Finished building: kypd_demo.elf.size
 
